---
source: crates/core/syntax/tests/examples.rs
expression: render_case(&src)
---
SOURCE:
let Evens = Int | it % 2 == 0

TOKENS:
Let@0..3
Ident("Evens")@4..9
Assign@10..11
Ident("Int")@12..15
Pipe@16..17
Ident("it")@18..20
Percent@21..22
Int(2)@23..24
EqEq@25..27
Int(0)@28..29
EOF@29..29

PROGRAM:
Program {
    statements: [
        Let(
            LetDecl {
                name: "Evens",
                annotation: None,
                value: Some(
                    Refinement {
                        base: Var {
                            name: "Int",
                            span: Known {
                                start: 12,
                                end: 15,
                                module_id: ModuleId(
                                    1v1,
                                ),
                            },
                        },
                        binder: None,
                        predicate: Binary {
                            left: Binary {
                                left: Var {
                                    name: "it",
                                    span: Known {
                                        start: 18,
                                        end: 20,
                                        module_id: ModuleId(
                                            1v1,
                                        ),
                                    },
                                },
                                op: Mod,
                                right: LiteralInt {
                                    value: 2,
                                    span: Known {
                                        start: 23,
                                        end: 24,
                                        module_id: ModuleId(
                                            1v1,
                                        ),
                                    },
                                },
                                span: Known {
                                    start: 18,
                                    end: 24,
                                    module_id: ModuleId(
                                        1v1,
                                    ),
                                },
                            },
                            op: Eq,
                            right: LiteralInt {
                                value: 0,
                                span: Known {
                                    start: 28,
                                    end: 29,
                                    module_id: ModuleId(
                                        1v1,
                                    ),
                                },
                            },
                            span: Known {
                                start: 18,
                                end: 29,
                                module_id: ModuleId(
                                    1v1,
                                ),
                            },
                        },
                        span: Known {
                            start: 12,
                            end: 29,
                            module_id: ModuleId(
                                1v1,
                            ),
                        },
                    },
                ),
            },
        ),
    ],
}
