---
source: crates/core/syntax/tests/examples.rs
expression: render_case(&src)
---
SOURCE:
let find_root = ??;

TOKENS:
Let@0..3
Ident("find_root")@4..13
Assign@14..15
DoubleHole@16..18
Semi@18..19
EOF@19..19

PROGRAM:
Program {
    statements: [
        Let(
            LetDecl {
                name: "find_root",
                annotation: None,
                value: Some(
                    Hole,
                ),
            },
        ),
    ],
}
