---
source: crates/core/syntax/tests/examples.rs
expression: render_case(&src)
---
SOURCE:
let x : Int | it > 10 and it < 20 = ?;

TOKENS:
Let@0..3
Ident("x")@4..5
Colon@6..7
Ident("Int")@8..11
Pipe@12..13
Ident("it")@14..16
Gt@17..18
Int(10)@19..21
And@22..25
Ident("it")@26..28
Lt@29..30
Int(20)@31..33
Assign@34..35
Hole@36..37
Semi@37..38
EOF@38..38

PROGRAM:
Program {
    statements: [
        Let(
            LetDecl {
                name: "x",
                annotation: Some(
                    Binary {
                        left: Refinement {
                            base: Var {
                                name: "Int",
                                span: Known {
                                    start: 8,
                                    end: 11,
                                    module_id: ModuleId(
                                        1v1,
                                    ),
                                },
                            },
                            binder: None,
                            predicate: Binary {
                                left: Var {
                                    name: "it",
                                    span: Known {
                                        start: 14,
                                        end: 16,
                                        module_id: ModuleId(
                                            1v1,
                                        ),
                                    },
                                },
                                op: Gt,
                                right: LiteralInt {
                                    value: 10,
                                    span: Known {
                                        start: 19,
                                        end: 21,
                                        module_id: ModuleId(
                                            1v1,
                                        ),
                                    },
                                },
                                span: Known {
                                    start: 14,
                                    end: 21,
                                    module_id: ModuleId(
                                        1v1,
                                    ),
                                },
                            },
                            span: Known {
                                start: 8,
                                end: 21,
                                module_id: ModuleId(
                                    1v1,
                                ),
                            },
                        },
                        op: And,
                        right: Binary {
                            left: Var {
                                name: "it",
                                span: Known {
                                    start: 26,
                                    end: 28,
                                    module_id: ModuleId(
                                        1v1,
                                    ),
                                },
                            },
                            op: Lt,
                            right: LiteralInt {
                                value: 20,
                                span: Known {
                                    start: 31,
                                    end: 33,
                                    module_id: ModuleId(
                                        1v1,
                                    ),
                                },
                            },
                            span: Known {
                                start: 26,
                                end: 33,
                                module_id: ModuleId(
                                    1v1,
                                ),
                            },
                        },
                        span: Known {
                            start: 8,
                            end: 33,
                            module_id: ModuleId(
                                1v1,
                            ),
                        },
                    },
                ),
                value: Some(
                    Hole {
                        span: Known {
                            start: 36,
                            end: 37,
                            module_id: ModuleId(
                                1v1,
                            ),
                        },
                    },
                ),
            },
        ),
    ],
}
